// Jest Snapshot v1, https://goo.gl/fbAQLP

exports[`<Layout/> renders the Layout as saved in snapshot 1`] = `
<div
  className="layout"
>
  <Navbar />
  <p>
    TestChild
  </p>
  <Footer />
</div>
`;
