// Jest Snapshot v1, https://goo.gl/fbAQLP

exports[`<Loading/> renders the Loading Component as saved in snapshot 1`] = `
<section
  className="section is-medium has-text-centered"
>
  <div
    className="sk-folding-cube"
  >
    <div
      className="sk-cube1 sk-cube"
    />
    <div
      className="sk-cube2 sk-cube"
    />
    <div
      className="sk-cube4 sk-cube"
    />
    <div
      className="sk-cube3 sk-cube"
    />
  </div>
  <h2>
    Packaging cards ...
  </h2>
</section>
`;
