// Jest Snapshot v1, https://goo.gl/fbAQLP

exports[`<Navbar/> renders the Navbar as saved in snapshot 1`] = `
<nav
  className="navbar is-primary"
>
  <div
    className="navbar-brand"
  >
    <a
      className="navbar-item"
      href="https://bulma.io"
    >
      <img
        alt="Bulma: a modern CSS framework based on Flexbox"
        height="28"
        src="https://bulma.io/images/bulma-logo-white.png"
        width="112"
      />
    </a>
  </div>
  <div
    className="navbar-menu"
  >
    <div
      className="navbar-start"
    >
      <a
        className="navbar-item"
        href="#"
      >
        Home
      </a>
    </div>
    <div
      className="navbar-end"
    >
      <div
        className="navbar-item"
      >
        <div
          className="field is-grouped"
        >
          <p
            className="control"
          >
            <a
              className="button is-primary"
              href="#"
            >
              <span>
                Download
              </span>
            </a>
          </p>
        </div>
      </div>
    </div>
  </div>
</nav>
`;
